#-----------------------------------------------------------
# Vivado v2024.1.2 (64-bit)
# SW Build 5164865 on Thu Sep  5 14:37:11 MDT 2024
# IP Build 5164407 on Fri Sep  6 08:18:11 MDT 2024
# SharedData Build 5164864 on Thu Sep 05 13:09:09 MDT 2024
# Start of session at: Sat Nov  2 23:27:46 2024
# Process ID: 20416
# Current directory: C:/Users/Mustafa/Desktop/Verilog/add_subtract_3
# Command line: vivado.exe -gui_launcher_event rodinguilauncherevent2216 C:\Users\Mustafa\Desktop\Verilog\add_subtract_3\add_subtract_3.xpr
# Log file: C:/Users/Mustafa/Desktop/Verilog/add_subtract_3/vivado.log
# Journal file: C:/Users/Mustafa/Desktop/Verilog/add_subtract_3\vivado.jou
# Running On        :Mustafa-Oguz-Ates
# Platform          :Windows Server 2016 or Windows 10
# Operating System  :19045
# Processor Detail  :11th Gen Intel(R) Core(TM) i7-11800H @ 2.30GHz
# CPU Frequency     :2304 MHz
# CPU Physical cores:8
# CPU Logical cores :16
# Host memory       :8321 MB
# Swap memory       :7494 MB
# Total Virtual     :15816 MB
# Available Virtual :3057 MB
#-----------------------------------------------------------
start_gui
open_project C:/Users/Mustafa/Desktop/Verilog/add_subtract_3/add_subtract_3.xpr
update_compile_order -fileset sources_1
